[      89ms] [LOG] [Telegram.WebView] > postEvent web_app_set_header_color {color_key: bg_color} @ http://localhost:3001/_nuxt/node_modules/.cache/vite/client/deps/@twa-dev_sdk.js?v=abfb2e8d:130
[      89ms] [LOG] [Telegram.WebView] > postEvent web_app_set_bottom_bar_color {color: #ffffff} @ http://localhost:3001/_nuxt/node_modules/.cache/vite/client/deps/@twa-dev_sdk.js?v=abfb2e8d:130
[      89ms] [LOG] [Telegram.WebView] > postEvent web_app_request_theme  @ http://localhost:3001/_nuxt/node_modules/.cache/vite/client/deps/@twa-dev_sdk.js?v=abfb2e8d:130
[      89ms] [LOG] [Telegram.WebView] > postEvent web_app_request_viewport  @ http://localhost:3001/_nuxt/node_modules/.cache/vite/client/deps/@twa-dev_sdk.js?v=abfb2e8d:130
[      89ms] [LOG] [Telegram.WebView] > postEvent web_app_request_safe_area  @ http://localhost:3001/_nuxt/node_modules/.cache/vite/client/deps/@twa-dev_sdk.js?v=abfb2e8d:130
[      89ms] [LOG] [Telegram.WebView] > postEvent web_app_request_content_safe_area  @ http://localhost:3001/_nuxt/node_modules/.cache/vite/client/deps/@twa-dev_sdk.js?v=abfb2e8d:130
[     102ms] [LOG] [Telegram.WebView] > postEvent web_app_expand  @ http://localhost:3001/_nuxt/node_modules/.cache/vite/client/deps/@twa-dev_sdk.js?v=abfb2e8d:130
[     102ms] [LOG] [Telegram.WebView] > postEvent web_app_ready  @ http://localhost:3001/_nuxt/node_modules/.cache/vite/client/deps/@twa-dev_sdk.js?v=abfb2e8d:130
[     102ms] [WARNING] [Telegram.WebApp] Header color is not supported in version 6.0 @ http://localhost:3001/_nuxt/node_modules/.cache/vite/client/deps/@twa-dev_sdk.js?v=abfb2e8d:687
[     102ms] [WARNING] [Telegram.WebApp] Background color is not supported in version 6.0 @ http://localhost:3001/_nuxt/node_modules/.cache/vite/client/deps/@twa-dev_sdk.js?v=abfb2e8d:737
[     106ms] [INFO] <Suspense> is an experimental feature and its API will likely change. @ http://localhost:3001/_nuxt/node_modules/@vue/runtime-core/dist/runtime-core.esm-bundler.js?v=abfb2e8d:7234
[     113ms] [WARNING] [Telegram.WebApp] BackButton is not supported in version 6.0 @ http://localhost:3001/_nuxt/node_modules/.cache/vite/client/deps/@twa-dev_sdk.js?v=abfb2e8d:898
[   16738ms] [LOG] [vite] server connection lost. Polling for restart... @ http://localhost:3001/_nuxt/@vite/client:963
[   16743ms] [ERROR] WebSocket connection to 'ws://localhost:3001/_nuxt/' failed: Error in connection establishment: net::ERR_CONNECTION_REFUSED @ http://localhost:3001/_nuxt/@vite/client:1034
[   17762ms] [ERROR] WebSocket connection to 'ws://localhost:3001/_nuxt/' failed: Error in connection establishment: net::ERR_CONNECTION_REFUSED @ http://localhost:3001/_nuxt/@vite/client:1034
[   18779ms] [ERROR] WebSocket connection to 'ws://localhost:3001/_nuxt/' failed: Error in connection establishment: net::ERR_CONNECTION_REFUSED @ http://localhost:3001/_nuxt/@vite/client:1034
[   19796ms] [ERROR] WebSocket connection to 'ws://localhost:3001/_nuxt/' failed: Error in connection establishment: net::ERR_CONNECTION_REFUSED @ http://localhost:3001/_nuxt/@vite/client:1034
[   20816ms] [ERROR] WebSocket connection to 'ws://localhost:3001/_nuxt/' failed: Error in connection establishment: net::ERR_CONNECTION_REFUSED @ http://localhost:3001/_nuxt/@vite/client:1034
[   21827ms] [ERROR] WebSocket connection to 'ws://localhost:3001/_nuxt/' failed: Error in connection establishment: net::ERR_CONNECTION_REFUSED @ http://localhost:3001/_nuxt/@vite/client:1034
[   22847ms] [ERROR] WebSocket connection to 'ws://localhost:3001/_nuxt/' failed: Error in connection establishment: net::ERR_CONNECTION_REFUSED @ http://localhost:3001/_nuxt/@vite/client:1034
[   23883ms] [ERROR] WebSocket connection to 'ws://localhost:3001/_nuxt/' failed: Error in connection establishment: net::ERR_CONNECTION_REFUSED @ http://localhost:3001/_nuxt/@vite/client:1034
[   24923ms] [ERROR] WebSocket connection to 'ws://localhost:3001/_nuxt/' failed: Error in connection establishment: net::ERR_CONNECTION_REFUSED @ http://localhost:3001/_nuxt/@vite/client:1034
[   25967ms] [ERROR] WebSocket connection to 'ws://localhost:3001/_nuxt/' failed: Error in connection establishment: net::ERR_CONNECTION_REFUSED @ http://localhost:3001/_nuxt/@vite/client:1034
[   27006ms] [ERROR] WebSocket connection to 'ws://localhost:3001/_nuxt/' failed: Error in connection establishment: net::ERR_CONNECTION_REFUSED @ http://localhost:3001/_nuxt/@vite/client:1034
[   28035ms] [ERROR] WebSocket connection to 'ws://localhost:3001/_nuxt/' failed: Error in connection establishment: net::ERR_CONNECTION_REFUSED @ http://localhost:3001/_nuxt/@vite/client:1034
[   29077ms] [ERROR] WebSocket connection to 'ws://localhost:3001/_nuxt/' failed: Error in connection establishment: net::ERR_CONNECTION_REFUSED @ http://localhost:3001/_nuxt/@vite/client:1034
[   30091ms] [ERROR] WebSocket connection to 'ws://localhost:3001/_nuxt/' failed: Error in connection establishment: net::ERR_CONNECTION_REFUSED @ http://localhost:3001/_nuxt/@vite/client:1034
[   31111ms] [ERROR] WebSocket connection to 'ws://localhost:3001/_nuxt/' failed: Error in connection establishment: net::ERR_CONNECTION_REFUSED @ http://localhost:3001/_nuxt/@vite/client:1034
[   32191ms] [ERROR] WebSocket connection to 'ws://localhost:3001/_nuxt/' failed: Error in connection establishment: net::ERR_CONNECTION_REFUSED @ http://localhost:3001/_nuxt/@vite/client:1034
[   33242ms] [ERROR] WebSocket connection to 'ws://localhost:3001/_nuxt/' failed: Error in connection establishment: net::ERR_CONNECTION_REFUSED @ http://localhost:3001/_nuxt/@vite/client:1034
[   34273ms] [ERROR] WebSocket connection to 'ws://localhost:3001/_nuxt/' failed: Error in connection establishment: net::ERR_CONNECTION_REFUSED @ http://localhost:3001/_nuxt/@vite/client:1034
[   35323ms] [ERROR] WebSocket connection to 'ws://localhost:3001/_nuxt/' failed: Error in connection establishment: net::ERR_CONNECTION_REFUSED @ http://localhost:3001/_nuxt/@vite/client:1034
[   36390ms] [ERROR] WebSocket connection to 'ws://localhost:3001/_nuxt/' failed: Error in connection establishment: net::ERR_CONNECTION_REFUSED @ http://localhost:3001/_nuxt/@vite/client:1034
[   37414ms] [ERROR] WebSocket connection to 'ws://localhost:3001/_nuxt/' failed: Error in connection establishment: net::ERR_CONNECTION_REFUSED @ http://localhost:3001/_nuxt/@vite/client:1034
[   38465ms] [ERROR] WebSocket connection to 'ws://localhost:3001/_nuxt/' failed: Error in connection establishment: net::ERR_CONNECTION_REFUSED @ http://localhost:3001/_nuxt/@vite/client:1034
[   39548ms] [ERROR] WebSocket connection to 'ws://localhost:3001/_nuxt/' failed: Error in connection establishment: net::ERR_CONNECTION_REFUSED @ http://localhost:3001/_nuxt/@vite/client:1034
[   40601ms] [ERROR] WebSocket connection to 'ws://localhost:3001/_nuxt/' failed: Error in connection establishment: net::ERR_CONNECTION_REFUSED @ http://localhost:3001/_nuxt/@vite/client:1034
[   41723ms] [ERROR] WebSocket connection to 'ws://localhost:3001/_nuxt/' failed: Error in connection establishment: net::ERR_CONNECTION_REFUSED @ http://localhost:3001/_nuxt/@vite/client:1034
[   42829ms] [ERROR] WebSocket connection to 'ws://localhost:3001/_nuxt/' failed: Error in connection establishment: net::ERR_CONNECTION_REFUSED @ http://localhost:3001/_nuxt/@vite/client:1034
[   43887ms] [ERROR] WebSocket connection to 'ws://localhost:3001/_nuxt/' failed: Error in connection establishment: net::ERR_CONNECTION_REFUSED @ http://localhost:3001/_nuxt/@vite/client:1034
[   44929ms] [ERROR] WebSocket connection to 'ws://localhost:3001/_nuxt/' failed: Error in connection establishment: net::ERR_CONNECTION_REFUSED @ http://localhost:3001/_nuxt/@vite/client:1034
[   46021ms] [ERROR] WebSocket connection to 'ws://localhost:3001/_nuxt/' failed: Error in connection establishment: net::ERR_CONNECTION_REFUSED @ http://localhost:3001/_nuxt/@vite/client:1034
[  287133ms] [ERROR] WebSocket connection to 'ws://localhost:3001/_nuxt/' failed: WebSocket opening handshake timed out @ http://localhost:3001/_nuxt/@vite/client:1034
[  288465ms] [LOG] [Telegram.WebView] > postEvent web_app_set_header_color {color_key: bg_color} @ http://localhost:3001/_nuxt/node_modules/.cache/vite/client/deps/@twa-dev_sdk.js?v=abfb2e8d:130
[  288466ms] [LOG] [Telegram.WebView] > postEvent web_app_set_bottom_bar_color {color: #ffffff} @ http://localhost:3001/_nuxt/node_modules/.cache/vite/client/deps/@twa-dev_sdk.js?v=abfb2e8d:130
[  288466ms] [LOG] [Telegram.WebView] > postEvent web_app_request_theme  @ http://localhost:3001/_nuxt/node_modules/.cache/vite/client/deps/@twa-dev_sdk.js?v=abfb2e8d:130
[  288466ms] [LOG] [Telegram.WebView] > postEvent web_app_request_viewport  @ http://localhost:3001/_nuxt/node_modules/.cache/vite/client/deps/@twa-dev_sdk.js?v=abfb2e8d:130
[  288466ms] [LOG] [Telegram.WebView] > postEvent web_app_request_safe_area  @ http://localhost:3001/_nuxt/node_modules/.cache/vite/client/deps/@twa-dev_sdk.js?v=abfb2e8d:130
[  288466ms] [LOG] [Telegram.WebView] > postEvent web_app_request_content_safe_area  @ http://localhost:3001/_nuxt/node_modules/.cache/vite/client/deps/@twa-dev_sdk.js?v=abfb2e8d:130
[  288554ms] [LOG] [Telegram.WebView] > postEvent web_app_expand  @ http://localhost:3001/_nuxt/node_modules/.cache/vite/client/deps/@twa-dev_sdk.js?v=abfb2e8d:130
[  288554ms] [LOG] [Telegram.WebView] > postEvent web_app_ready  @ http://localhost:3001/_nuxt/node_modules/.cache/vite/client/deps/@twa-dev_sdk.js?v=abfb2e8d:130
[  288554ms] [WARNING] [Telegram.WebApp] Header color is not supported in version 6.0 @ http://localhost:3001/_nuxt/node_modules/.cache/vite/client/deps/@twa-dev_sdk.js?v=abfb2e8d:687
[  288554ms] [WARNING] [Telegram.WebApp] Background color is not supported in version 6.0 @ http://localhost:3001/_nuxt/node_modules/.cache/vite/client/deps/@twa-dev_sdk.js?v=abfb2e8d:737
[  288561ms] [INFO] <Suspense> is an experimental feature and its API will likely change. @ http://localhost:3001/_nuxt/node_modules/@vue/runtime-core/dist/runtime-core.esm-bundler.js?v=abfb2e8d:7234
[  288568ms] [WARNING] [Telegram.WebApp] BackButton is not supported in version 6.0 @ http://localhost:3001/_nuxt/node_modules/.cache/vite/client/deps/@twa-dev_sdk.js?v=abfb2e8d:898
